[   28938ms] [INFO] %cDownload the React DevTools for a better development experience: https://react.dev/link/react-devtools font-weight:bold @ http://localhost:5173/node_modules/.vite/deps/chunk-5NZOIHK5.js?v=b98b393d:19834
[   34611ms] [WARNING] THREE.Clock: This module has been deprecated. Please use THREE.Timer instead. @ http://localhost:5173/node_modules/.vite/deps/chunk-BT6PJYSG.js?v=b98b393d:746
[   40827ms] [WARNING] THREE.Clock: This module has been deprecated. Please use THREE.Timer instead. @ http://localhost:5173/node_modules/.vite/deps/chunk-BT6PJYSG.js?v=b98b393d:746
[  335489ms] [LOG] THREE.WebGLRenderer: Context Lost. @ http://localhost:5173/node_modules/.vite/deps/chunk-BT6PJYSG.js?v=b98b393d:721
[  364875ms] TypeError: Cannot read properties of undefined (reading 'waikiki')
    at http://localhost:5173/src/client/games/hotel/ui/HotelGamePage.tsx?t=1785065520872:227:47
    at Array.map (<anonymous>)
    at HotelBuildingClusters (http://localhost:5173/src/client/games/hotel/ui/HotelGamePage.tsx?t=1785065520872:225:60)
    at Object.react_stack_bottom_frame (http://localhost:5173/node_modules/.vite/deps/chunk-4XJPVBWW.js?v=b98b393d:7984:20)
    at It (http://localhost:5173/node_modules/.vite/deps/chunk-4XJPVBWW.js?v=b98b393d:3951:18)
    at ks (http://localhost:5173/node_modules/.vite/deps/chunk-4XJPVBWW.js?v=b98b393d:4998:376)
    at tt (http://localhost:5173/node_modules/.vite/deps/chunk-4XJPVBWW.js?v=b98b393d:5325:20)
    at B (http://localhost:5173/node_modules/.vite/deps/chunk-4XJPVBWW.js?v=b98b393d:2782:63)
    at Ph (http://localhost:5173/node_modules/.vite/deps/chunk-4XJPVBWW.js?v=b98b393d:7198:44)
    at wh (http://localhost:5173/node_modules/.vite/deps/chunk-4XJPVBWW.js?v=b98b393d:7114:31)
[  364895ms] [ERROR] Error handled by React Router default ErrorBoundary: TypeError: Cannot read properties of undefined (reading 'waikiki')
    at http://localhost:5173/src/client/games/hotel/ui/HotelGamePage.tsx?t=1785065520872:227:47
    at Array.map (<anonymous>)
    at HotelBuildingClusters (http://localhost:5173/src/client/games/hotel/ui/HotelGamePage.tsx?t=1785065520872:225:60)
    at Object.react_stack_bottom_frame (http://localhost:5173/node_modules/.vite/deps/chunk-4XJPVBWW.js?v=b98b393d:7984:20)
    at It (http://localhost:5173/node_modules/.vite/deps/chunk-4XJPVBWW.js?v=b98b393d:3951:18)
    at ks (http://localhost:5173/node_modules/.vite/deps/chunk-4XJPVBWW.js?v=b98b393d:4998:376)
    at tt (http://localhost:5173/node_modules/.vite/deps/chunk-4XJPVBWW.js?v=b98b393d:5325:20)
    at B (http://localhost:5173/node_modules/.vite/deps/chunk-4XJPVBWW.js?v=b98b393d:2782:63)
    at Ph (http://localhost:5173/node_modules/.vite/deps/chunk-4XJPVBWW.js?v=b98b393d:7198:44)
    at wh (http://localhost:5173/node_modules/.vite/deps/chunk-4XJPVBWW.js?v=b98b393d:7114:31) @ http://localhost:5173/node_modules/.vite/deps/react-router-dom.js?v=3ecfd5a8:6569
[  364896ms] [ERROR] Error handled by React Router default ErrorBoundary: TypeError: Cannot read properties of undefined (reading 'waikiki')
    at http://localhost:5173/src/client/games/hotel/ui/HotelGamePage.tsx?t=1785065520872:227:47
    at Array.map (<anonymous>)
    at HotelBuildingClusters (http://localhost:5173/src/client/games/hotel/ui/HotelGamePage.tsx?t=1785065520872:225:60)
    at Object.react_stack_bottom_frame (http://localhost:5173/node_modules/.vite/deps/chunk-4XJPVBWW.js?v=b98b393d:7984:20)
    at It (http://localhost:5173/node_modules/.vite/deps/chunk-4XJPVBWW.js?v=b98b393d:3951:18)
    at ks (http://localhost:5173/node_modules/.vite/deps/chunk-4XJPVBWW.js?v=b98b393d:4998:376)
    at tt (http://localhost:5173/node_modules/.vite/deps/chunk-4XJPVBWW.js?v=b98b393d:5325:20)
    at B (http://localhost:5173/node_modules/.vite/deps/chunk-4XJPVBWW.js?v=b98b393d:2782:63)
    at Ph (http://localhost:5173/node_modules/.vite/deps/chunk-4XJPVBWW.js?v=b98b393d:7198:44)
    at wh (http://localhost:5173/node_modules/.vite/deps/chunk-4XJPVBWW.js?v=b98b393d:7114:31) @ http://localhost:5173/node_modules/.vite/deps/react-router-dom.js?v=3ecfd5a8:6569
[  364899ms] [ERROR] Error handled by React Router default ErrorBoundary: TypeError: Cannot read properties of undefined (reading 'waikiki')
    at http://localhost:5173/src/client/games/hotel/ui/HotelGamePage.tsx?t=1785065520872:227:47
    at Array.map (<anonymous>)
    at HotelBuildingClusters (http://localhost:5173/src/client/games/hotel/ui/HotelGamePage.tsx?t=1785065520872:225:60)
    at Object.react_stack_bottom_frame (http://localhost:5173/node_modules/.vite/deps/chunk-4XJPVBWW.js?v=b98b393d:7984:20)
    at It (http://localhost:5173/node_modules/.vite/deps/chunk-4XJPVBWW.js?v=b98b393d:3951:18)
    at ks (http://localhost:5173/node_modules/.vite/deps/chunk-4XJPVBWW.js?v=b98b393d:4998:376)
    at tt (http://localhost:5173/node_modules/.vite/deps/chunk-4XJPVBWW.js?v=b98b393d:5325:20)
    at B (http://localhost:5173/node_modules/.vite/deps/chunk-4XJPVBWW.js?v=b98b393d:2782:63)
    at Ph (http://localhost:5173/node_modules/.vite/deps/chunk-4XJPVBWW.js?v=b98b393d:7198:44)
    at wh (http://localhost:5173/node_modules/.vite/deps/chunk-4XJPVBWW.js?v=b98b393d:7114:31) @ http://localhost:5173/node_modules/.vite/deps/react-router-dom.js?v=3ecfd5a8:6569
[  364900ms] [ERROR] Error handled by React Router default ErrorBoundary: TypeError: Cannot read properties of undefined (reading 'waikiki')
    at http://localhost:5173/src/client/games/hotel/ui/HotelGamePage.tsx?t=1785065520872:227:47
    at Array.map (<anonymous>)
    at HotelBuildingClusters (http://localhost:5173/src/client/games/hotel/ui/HotelGamePage.tsx?t=1785065520872:225:60)
    at Object.react_stack_bottom_frame (http://localhost:5173/node_modules/.vite/deps/chunk-4XJPVBWW.js?v=b98b393d:7984:20)
    at It (http://localhost:5173/node_modules/.vite/deps/chunk-4XJPVBWW.js?v=b98b393d:3951:18)
    at ks (http://localhost:5173/node_modules/.vite/deps/chunk-4XJPVBWW.js?v=b98b393d:4998:376)
    at tt (http://localhost:5173/node_modules/.vite/deps/chunk-4XJPVBWW.js?v=b98b393d:5325:20)
    at B (http://localhost:5173/node_modules/.vite/deps/chunk-4XJPVBWW.js?v=b98b393d:2782:63)
    at Ph (http://localhost:5173/node_modules/.vite/deps/chunk-4XJPVBWW.js?v=b98b393d:7198:44)
    at wh (http://localhost:5173/node_modules/.vite/deps/chunk-4XJPVBWW.js?v=b98b393d:7114:31) @ http://localhost:5173/node_modules/.vite/deps/react-router-dom.js?v=3ecfd5a8:6569
[  364904ms] [ERROR] %o

%s

%s
 TypeError: Cannot read properties of undefined (reading 'waikiki')
    at http://localhost:5173/src/client/games/hotel/ui/HotelGamePage.tsx?t=1785065520872:227:47
    at Array.map (<anonymous>)
    at HotelBuildingClusters (http://localhost:5173/src/client/games/hotel/ui/HotelGamePage.tsx?t=1785065520872:225:60)
    at Object.react_stack_bottom_frame (http://localhost:5173/node_modules/.vite/deps/chunk-4XJPVBWW.js?v=b98b393d:7984:20)
    at It (http://localhost:5173/node_modules/.vite/deps/chunk-4XJPVBWW.js?v=b98b393d:3951:18)
    at ks (http://localhost:5173/node_modules/.vite/deps/chunk-4XJPVBWW.js?v=b98b393d:4998:376)
    at tt (http://localhost:5173/node_modules/.vite/deps/chunk-4XJPVBWW.js?v=b98b393d:5325:20)
    at B (http://localhost:5173/node_modules/.vite/deps/chunk-4XJPVBWW.js?v=b98b393d:2782:63)
    at Ph (http://localhost:5173/node_modules/.vite/deps/chunk-4XJPVBWW.js?v=b98b393d:7198:44)
    at wh (http://localhost:5173/node_modules/.vite/deps/chunk-4XJPVBWW.js?v=b98b393d:7114:31) The above error occurred in the <CanvasImpl> component. React will try to recreate this component tree from scratch using the error boundary you provided, RenderErrorBoundary. @ http://localhost:5173/node_modules/.vite/deps/chunk-5NZOIHK5.js?v=b98b393d:6732
[  364905ms] [ERROR] React Router caught the following error during render TypeError: Cannot read properties of undefined (reading 'waikiki')
    at http://localhost:5173/src/client/games/hotel/ui/HotelGamePage.tsx?t=1785065520872:227:47
    at Array.map (<anonymous>)
    at HotelBuildingClusters (http://localhost:5173/src/client/games/hotel/ui/HotelGamePage.tsx?t=1785065520872:225:60)
    at Object.react_stack_bottom_frame (http://localhost:5173/node_modules/.vite/deps/chunk-4XJPVBWW.js?v=b98b393d:7984:20)
    at It (http://localhost:5173/node_modules/.vite/deps/chunk-4XJPVBWW.js?v=b98b393d:3951:18)
    at ks (http://localhost:5173/node_modules/.vite/deps/chunk-4XJPVBWW.js?v=b98b393d:4998:376)
    at tt (http://localhost:5173/node_modules/.vite/deps/chunk-4XJPVBWW.js?v=b98b393d:5325:20)
    at B (http://localhost:5173/node_modules/.vite/deps/chunk-4XJPVBWW.js?v=b98b393d:2782:63)
    at Ph (http://localhost:5173/node_modules/.vite/deps/chunk-4XJPVBWW.js?v=b98b393d:7198:44)
    at wh (http://localhost:5173/node_modules/.vite/deps/chunk-4XJPVBWW.js?v=b98b393d:7114:31) @ http://localhost:5173/node_modules/.vite/deps/react-router-dom.js?v=3ecfd5a8:6608
[  364938ms] TypeError: Cannot read properties of undefined (reading 'waikiki')
    at http://localhost:5173/src/client/games/hotel/ui/HotelGamePage.tsx?t=1785065520872:227:47
    at Array.map (<anonymous>)
    at HotelBuildingClusters (http://localhost:5173/src/client/games/hotel/ui/HotelGamePage.tsx?t=1785065520872:225:60)
    at Object.react_stack_bottom_frame (http://localhost:5173/node_modules/.vite/deps/chunk-4XJPVBWW.js?v=b98b393d:7984:20)
    at It (http://localhost:5173/node_modules/.vite/deps/chunk-4XJPVBWW.js?v=b98b393d:3951:18)
    at ks (http://localhost:5173/node_modules/.vite/deps/chunk-4XJPVBWW.js?v=b98b393d:4998:376)
    at tt (http://localhost:5173/node_modules/.vite/deps/chunk-4XJPVBWW.js?v=b98b393d:5325:20)
    at B (http://localhost:5173/node_modules/.vite/deps/chunk-4XJPVBWW.js?v=b98b393d:2782:63)
    at Ph (http://localhost:5173/node_modules/.vite/deps/chunk-4XJPVBWW.js?v=b98b393d:7198:44)
    at wh (http://localhost:5173/node_modules/.vite/deps/chunk-4XJPVBWW.js?v=b98b393d:7114:31)
[  365462ms] [LOG] THREE.WebGLRenderer: Context Lost. @ http://localhost:5173/node_modules/.vite/deps/chunk-BT6PJYSG.js?v=b98b393d:721
